14/08/2026 09:26:04: [INSPECAO_TOP] Erro: error: column "qtd_producao_futura" does not exist
14/08/2026 09:26:04:     at E:\projetos_hitss\geo-pme-notas\node_modules\pg-pool\index.js:45:11
14/08/2026 09:26:04:     at process.processTicksAndRejections (node:internal/process/task_queues:105:5)
14/08/2026 09:26:04:     at async E:\projetos_hitss\geo-pme-notas\routes\inspecao.js:681:27 {
14/08/2026 09:26:04:   length: 120,
14/08/2026 09:26:04:   severity: 'ERROR',
14/08/2026 09:26:04:   code: '42703',
14/08/2026 09:26:04:   detail: undefined,
14/08/2026 09:26:04:   hint: undefined,
14/08/2026 09:26:04:   position: '692',
14/08/2026 09:26:04:   internalPosition: undefined,
14/08/2026 09:26:04:   internalQuery: undefined,
14/08/2026 09:26:04:   where: undefined,
14/08/2026 09:26:04:   schema: undefined,
14/08/2026 09:26:04:   table: undefined,
14/08/2026 09:26:04:   column: undefined,
14/08/2026 09:26:04:   dataType: undefined,
14/08/2026 09:26:04:   constraint: undefined,
14/08/2026 09:26:04:   file: 'parse_relation.c',
14/08/2026 09:26:04:   line: '3647',
14/08/2026 09:26:04:   routine: 'errorMissingColumn'
14/08/2026 09:26:04: }
14/08/2026 09:37:48: [INSPECAO_TOP] Erro: error: column "qtd_producao_futura" does not exist
14/08/2026 09:37:48:     at E:\projetos_hitss\geo-pme-notas\node_modules\pg-pool\index.js:45:11
14/08/2026 09:37:48:     at process.processTicksAndRejections (node:internal/process/task_queues:105:5)
14/08/2026 09:37:48:     at async E:\projetos_hitss\geo-pme-notas\routes\inspecao.js:681:27 {
14/08/2026 09:37:48:   length: 120,
14/08/2026 09:37:48:   severity: 'ERROR',
14/08/2026 09:37:48:   code: '42703',
14/08/2026 09:37:48:   detail: undefined,
14/08/2026 09:37:48:   hint: undefined,
14/08/2026 09:37:48:   position: '692',
14/08/2026 09:37:48:   internalPosition: undefined,
14/08/2026 09:37:48:   internalQuery: undefined,
14/08/2026 09:37:48:   where: undefined,
14/08/2026 09:37:48:   schema: undefined,
14/08/2026 09:37:48:   table: undefined,
14/08/2026 09:37:48:   column: undefined,
14/08/2026 09:37:48:   dataType: undefined,
14/08/2026 09:37:48:   constraint: undefined,
14/08/2026 09:37:48:   file: 'parse_relation.c',
14/08/2026 09:37:48:   line: '3647',
14/08/2026 09:37:48:   routine: 'errorMissingColumn'
14/08/2026 09:37:48: }
14/08/2026 09:37:51: [INSPECAO_TOP] Erro: error: column "qtd_producao_futura" does not exist
14/08/2026 09:37:51:     at E:\projetos_hitss\geo-pme-notas\node_modules\pg-pool\index.js:45:11
14/08/2026 09:37:51:     at process.processTicksAndRejections (node:internal/process/task_queues:105:5)
14/08/2026 09:37:51:     at async E:\projetos_hitss\geo-pme-notas\routes\inspecao.js:681:27 {
14/08/2026 09:37:51:   length: 120,
14/08/2026 09:37:51:   severity: 'ERROR',
14/08/2026 09:37:51:   code: '42703',
14/08/2026 09:37:51:   detail: undefined,
14/08/2026 09:37:51:   hint: undefined,
14/08/2026 09:37:51:   position: '692',
14/08/2026 09:37:51:   internalPosition: undefined,
14/08/2026 09:37:51:   internalQuery: undefined,
14/08/2026 09:37:51:   where: undefined,
14/08/2026 09:37:51:   schema: undefined,
14/08/2026 09:37:51:   table: undefined,
14/08/2026 09:37:51:   column: undefined,
14/08/2026 09:37:51:   dataType: undefined,
14/08/2026 09:37:51:   constraint: undefined,
14/08/2026 09:37:51:   file: 'parse_relation.c',
14/08/2026 09:37:51:   line: '3647',
14/08/2026 09:37:51:   routine: 'errorMissingColumn'
14/08/2026 09:37:51: }
14/08/2026 09:41:22: [INSPECAO_TOP] Erro: error: column "qtd_producao_futura" does not exist
14/08/2026 09:41:22:     at E:\projetos_hitss\geo-pme-notas\node_modules\pg-pool\index.js:45:11
14/08/2026 09:41:22:     at process.processTicksAndRejections (node:internal/process/task_queues:105:5)
14/08/2026 09:41:22:     at async E:\projetos_hitss\geo-pme-notas\routes\inspecao.js:681:27 {
14/08/2026 09:41:22:   length: 120,
14/08/2026 09:41:22:   severity: 'ERROR',
14/08/2026 09:41:22:   code: '42703',
14/08/2026 09:41:22:   detail: undefined,
14/08/2026 09:41:22:   hint: undefined,
14/08/2026 09:41:22:   position: '692',
14/08/2026 09:41:22:   internalPosition: undefined,
14/08/2026 09:41:22:   internalQuery: undefined,
14/08/2026 09:41:22:   where: undefined,
14/08/2026 09:41:22:   schema: undefined,
14/08/2026 09:41:22:   table: undefined,
14/08/2026 09:41:22:   column: undefined,
14/08/2026 09:41:22:   dataType: undefined,
14/08/2026 09:41:22:   constraint: undefined,
14/08/2026 09:41:22:   file: 'parse_relation.c',
14/08/2026 09:41:22:   line: '3647',
14/08/2026 09:41:22:   routine: 'errorMissingColumn'
14/08/2026 09:41:22: }
14/08/2026 09:41:23: [INSPECAO_TOP] Erro: error: column "qtd_producao_futura" does not exist
14/08/2026 09:41:23:     at E:\projetos_hitss\geo-pme-notas\node_modules\pg-pool\index.js:45:11
14/08/2026 09:41:23:     at process.processTicksAndRejections (node:internal/process/task_queues:105:5)
14/08/2026 09:41:23:     at async E:\projetos_hitss\geo-pme-notas\routes\inspecao.js:681:27 {
14/08/2026 09:41:23:   length: 120,
14/08/2026 09:41:23:   severity: 'ERROR',
14/08/2026 09:41:23:   code: '42703',
14/08/2026 09:41:23:   detail: undefined,
14/08/2026 09:41:23:   hint: undefined,
14/08/2026 09:41:23:   position: '692',
14/08/2026 09:41:23:   internalPosition: undefined,
14/08/2026 09:41:23:   internalQuery: undefined,
14/08/2026 09:41:23:   where: undefined,
14/08/2026 09:41:23:   schema: undefined,
14/08/2026 09:41:23:   table: undefined,
14/08/2026 09:41:23:   column: undefined,
14/08/2026 09:41:23:   dataType: undefined,
14/08/2026 09:41:23:   constraint: undefined,
14/08/2026 09:41:23:   file: 'parse_relation.c',
14/08/2026 09:41:23:   line: '3647',
14/08/2026 09:41:23:   routine: 'errorMissingColumn'
14/08/2026 09:41:23: }
14/08/2026 09:41:24: [INSPECAO_TOP] Erro: error: column "qtd_producao_futura" does not exist
14/08/2026 09:41:24:     at E:\projetos_hitss\geo-pme-notas\node_modules\pg-pool\index.js:45:11
14/08/2026 09:41:24:     at process.processTicksAndRejections (node:internal/process/task_queues:105:5)
14/08/2026 09:41:24:     at async E:\projetos_hitss\geo-pme-notas\routes\inspecao.js:681:27 {
14/08/2026 09:41:24:   length: 120,
14/08/2026 09:41:24:   severity: 'ERROR',
14/08/2026 09:41:24:   code: '42703',
14/08/2026 09:41:24:   detail: undefined,
14/08/2026 09:41:24:   hint: undefined,
14/08/2026 09:41:24:   position: '692',
14/08/2026 09:41:24:   internalPosition: undefined,
14/08/2026 09:41:24:   internalQuery: undefined,
14/08/2026 09:41:24:   where: undefined,
14/08/2026 09:41:24:   schema: undefined,
14/08/2026 09:41:24:   table: undefined,
14/08/2026 09:41:24:   column: undefined,
14/08/2026 09:41:24:   dataType: undefined,
14/08/2026 09:41:24:   constraint: undefined,
14/08/2026 09:41:24:   file: 'parse_relation.c',
14/08/2026 09:41:24:   line: '3647',
14/08/2026 09:41:24:   routine: 'errorMissingColumn'
14/08/2026 09:41:24: }
14/08/2026 09:41:26: [INSPECAO_TOP] Erro: error: column "qtd_producao_futura" does not exist
14/08/2026 09:41:26:     at E:\projetos_hitss\geo-pme-notas\node_modules\pg-pool\index.js:45:11
14/08/2026 09:41:26:     at process.processTicksAndRejections (node:internal/process/task_queues:105:5)
14/08/2026 09:41:26:     at async E:\projetos_hitss\geo-pme-notas\routes\inspecao.js:681:27 {
14/08/2026 09:41:26:   length: 120,
14/08/2026 09:41:26:   severity: 'ERROR',
14/08/2026 09:41:26:   code: '42703',
14/08/2026 09:41:26:   detail: undefined,
14/08/2026 09:41:26:   hint: undefined,
14/08/2026 09:41:26:   position: '692',
14/08/2026 09:41:26:   internalPosition: undefined,
14/08/2026 09:41:26:   internalQuery: undefined,
14/08/2026 09:41:26:   where: undefined,
14/08/2026 09:41:26:   schema: undefined,
14/08/2026 09:41:26:   table: undefined,
14/08/2026 09:41:26:   column: undefined,
14/08/2026 09:41:26:   dataType: undefined,
14/08/2026 09:41:26:   constraint: undefined,
14/08/2026 09:41:26:   file: 'parse_relation.c',
14/08/2026 09:41:26:   line: '3647',
14/08/2026 09:41:26:   routine: 'errorMissingColumn'
14/08/2026 09:41:26: }
14/08/2026 09:42:44: [INSPECAO_TOP] Erro: error: column "qtd_producao_futura" does not exist
14/08/2026 09:42:44:     at E:\projetos_hitss\geo-pme-notas\node_modules\pg-pool\index.js:45:11
14/08/2026 09:42:44:     at process.processTicksAndRejections (node:internal/process/task_queues:105:5)
14/08/2026 09:42:44:     at async E:\projetos_hitss\geo-pme-notas\routes\inspecao.js:681:27 {
14/08/2026 09:42:44:   length: 120,
14/08/2026 09:42:44:   severity: 'ERROR',
14/08/2026 09:42:44:   code: '42703',
14/08/2026 09:42:44:   detail: undefined,
14/08/2026 09:42:44:   hint: undefined,
14/08/2026 09:42:44:   position: '692',
14/08/2026 09:42:44:   internalPosition: undefined,
14/08/2026 09:42:44:   internalQuery: undefined,
14/08/2026 09:42:44:   where: undefined,
14/08/2026 09:42:44:   schema: undefined,
14/08/2026 09:42:44:   table: undefined,
14/08/2026 09:42:44:   column: undefined,
14/08/2026 09:42:44:   dataType: undefined,
14/08/2026 09:42:44:   constraint: undefined,
14/08/2026 09:42:44:   file: 'parse_relation.c',
14/08/2026 09:42:44:   line: '3647',
14/08/2026 09:42:44:   routine: 'errorMissingColumn'
14/08/2026 09:42:44: }
14/08/2026 09:42:45: [INSPECAO_TOP] Erro: error: column "qtd_producao_futura" does not exist
14/08/2026 09:42:45:     at E:\projetos_hitss\geo-pme-notas\node_modules\pg-pool\index.js:45:11
14/08/2026 09:42:45:     at process.processTicksAndRejections (node:internal/process/task_queues:105:5)
14/08/2026 09:42:45:     at async E:\projetos_hitss\geo-pme-notas\routes\inspecao.js:681:27 {
14/08/2026 09:42:45:   length: 120,
14/08/2026 09:42:45:   severity: 'ERROR',
14/08/2026 09:42:45:   code: '42703',
14/08/2026 09:42:45:   detail: undefined,
14/08/2026 09:42:45:   hint: undefined,
14/08/2026 09:42:45:   position: '692',
14/08/2026 09:42:45:   internalPosition: undefined,
14/08/2026 09:42:45:   internalQuery: undefined,
14/08/2026 09:42:45:   where: undefined,
14/08/2026 09:42:45:   schema: undefined,
14/08/2026 09:42:45:   table: undefined,
14/08/2026 09:42:45:   column: undefined,
14/08/2026 09:42:45:   dataType: undefined,
14/08/2026 09:42:45:   constraint: undefined,
14/08/2026 09:42:45:   file: 'parse_relation.c',
14/08/2026 09:42:45:   line: '3647',
14/08/2026 09:42:45:   routine: 'errorMissingColumn'
14/08/2026 09:42:45: }
14/08/2026 09:42:46: [INSPECAO_TOP] Erro: error: column "qtd_producao_futura" does not exist
14/08/2026 09:42:46:     at E:\projetos_hitss\geo-pme-notas\node_modules\pg-pool\index.js:45:11
14/08/2026 09:42:46:     at process.processTicksAndRejections (node:internal/process/task_queues:105:5)
14/08/2026 09:42:46:     at async E:\projetos_hitss\geo-pme-notas\routes\inspecao.js:681:27 {
14/08/2026 09:42:46:   length: 120,
14/08/2026 09:42:46:   severity: 'ERROR',
14/08/2026 09:42:46:   code: '42703',
14/08/2026 09:42:46:   detail: undefined,
14/08/2026 09:42:46:   hint: undefined,
14/08/2026 09:42:46:   position: '692',
14/08/2026 09:42:46:   internalPosition: undefined,
14/08/2026 09:42:46:   internalQuery: undefined,
14/08/2026 09:42:46:   where: undefined,
14/08/2026 09:42:46:   schema: undefined,
14/08/2026 09:42:46:   table: undefined,
14/08/2026 09:42:46:   column: undefined,
14/08/2026 09:42:46:   dataType: undefined,
14/08/2026 09:42:46:   constraint: undefined,
14/08/2026 09:42:46:   file: 'parse_relation.c',
14/08/2026 09:42:46:   line: '3647',
14/08/2026 09:42:46:   routine: 'errorMissingColumn'
14/08/2026 09:42:46: }
14/08/2026 09:42:47: [INSPECAO_TOP] Erro: error: column "qtd_producao_futura" does not exist
14/08/2026 09:42:47:     at E:\projetos_hitss\geo-pme-notas\node_modules\pg-pool\index.js:45:11
14/08/2026 09:42:47:     at process.processTicksAndRejections (node:internal/process/task_queues:105:5)
14/08/2026 09:42:47:     at async E:\projetos_hitss\geo-pme-notas\routes\inspecao.js:681:27 {
14/08/2026 09:42:47:   length: 120,
14/08/2026 09:42:47:   severity: 'ERROR',
14/08/2026 09:42:47:   code: '42703',
14/08/2026 09:42:47:   detail: undefined,
14/08/2026 09:42:47:   hint: undefined,
14/08/2026 09:42:47:   position: '692',
14/08/2026 09:42:47:   internalPosition: undefined,
14/08/2026 09:42:47:   internalQuery: undefined,
14/08/2026 09:42:47:   where: undefined,
14/08/2026 09:42:47:   schema: undefined,
14/08/2026 09:42:47:   table: undefined,
14/08/2026 09:42:47:   column: undefined,
14/08/2026 09:42:47:   dataType: undefined,
14/08/2026 09:42:47:   constraint: undefined,
14/08/2026 09:42:47:   file: 'parse_relation.c',
14/08/2026 09:42:47:   line: '3647',
14/08/2026 09:42:47:   routine: 'errorMissingColumn'
14/08/2026 09:42:47: }
14/08/2026 09:42:47: [INSPECAO_TOP] Erro: error: column "qtd_producao_futura" does not exist
14/08/2026 09:42:47:     at E:\projetos_hitss\geo-pme-notas\node_modules\pg-pool\index.js:45:11
14/08/2026 09:42:47:     at process.processTicksAndRejections (node:internal/process/task_queues:105:5)
14/08/2026 09:42:47:     at async E:\projetos_hitss\geo-pme-notas\routes\inspecao.js:681:27 {
14/08/2026 09:42:47:   length: 120,
14/08/2026 09:42:47:   severity: 'ERROR',
14/08/2026 09:42:47:   code: '42703',
14/08/2026 09:42:47:   detail: undefined,
14/08/2026 09:42:47:   hint: undefined,
14/08/2026 09:42:47:   position: '692',
14/08/2026 09:42:47:   internalPosition: undefined,
14/08/2026 09:42:47:   internalQuery: undefined,
14/08/2026 09:42:47:   where: undefined,
14/08/2026 09:42:47:   schema: undefined,
14/08/2026 09:42:47:   table: undefined,
14/08/2026 09:42:47:   column: undefined,
14/08/2026 09:42:47:   dataType: undefined,
14/08/2026 09:42:47:   constraint: undefined,
14/08/2026 09:42:47:   file: 'parse_relation.c',
14/08/2026 09:42:47:   line: '3647',
14/08/2026 09:42:47:   routine: 'errorMissingColumn'
14/08/2026 09:42:47: }
14/08/2026 09:42:48: [INSPECAO_TOP] Erro: error: column "qtd_producao_futura" does not exist
14/08/2026 09:42:48:     at E:\projetos_hitss\geo-pme-notas\node_modules\pg-pool\index.js:45:11
14/08/2026 09:42:48:     at process.processTicksAndRejections (node:internal/process/task_queues:105:5)
14/08/2026 09:42:48:     at async E:\projetos_hitss\geo-pme-notas\routes\inspecao.js:681:27 {
14/08/2026 09:42:48:   length: 120,
14/08/2026 09:42:48:   severity: 'ERROR',
14/08/2026 09:42:48:   code: '42703',
14/08/2026 09:42:48:   detail: undefined,
14/08/2026 09:42:48:   hint: undefined,
14/08/2026 09:42:48:   position: '692',
14/08/2026 09:42:48:   internalPosition: undefined,
14/08/2026 09:42:48:   internalQuery: undefined,
14/08/2026 09:42:48:   where: undefined,
14/08/2026 09:42:48:   schema: undefined,
14/08/2026 09:42:48:   table: undefined,
14/08/2026 09:42:48:   column: undefined,
14/08/2026 09:42:48:   dataType: undefined,
14/08/2026 09:42:48:   constraint: undefined,
14/08/2026 09:42:48:   file: 'parse_relation.c',
14/08/2026 09:42:48:   line: '3647',
14/08/2026 09:42:48:   routine: 'errorMissingColumn'
14/08/2026 09:42:48: }
14/08/2026 09:42:49: [INSPECAO_TOP] Erro: error: column "qtd_producao_futura" does not exist
14/08/2026 09:42:49:     at E:\projetos_hitss\geo-pme-notas\node_modules\pg-pool\index.js:45:11
14/08/2026 09:42:49:     at process.processTicksAndRejections (node:internal/process/task_queues:105:5)
14/08/2026 09:42:49:     at async E:\projetos_hitss\geo-pme-notas\routes\inspecao.js:681:27 {
14/08/2026 09:42:49:   length: 120,
14/08/2026 09:42:49:   severity: 'ERROR',
14/08/2026 09:42:49:   code: '42703',
14/08/2026 09:42:49:   detail: undefined,
14/08/2026 09:42:49:   hint: undefined,
14/08/2026 09:42:49:   position: '692',
14/08/2026 09:42:49:   internalPosition: undefined,
14/08/2026 09:42:49:   internalQuery: undefined,
14/08/2026 09:42:49:   where: undefined,
14/08/2026 09:42:49:   schema: undefined,
14/08/2026 09:42:49:   table: undefined,
14/08/2026 09:42:49:   column: undefined,
14/08/2026 09:42:49:   dataType: undefined,
14/08/2026 09:42:49:   constraint: undefined,
14/08/2026 09:42:49:   file: 'parse_relation.c',
14/08/2026 09:42:49:   line: '3647',
14/08/2026 09:42:49:   routine: 'errorMissingColumn'
14/08/2026 09:42:49: }
14/08/2026 09:42:49: [INSPECAO_TOP] Erro: error: column "qtd_producao_futura" does not exist
14/08/2026 09:42:49:     at E:\projetos_hitss\geo-pme-notas\node_modules\pg-pool\index.js:45:11
14/08/2026 09:42:49:     at process.processTicksAndRejections (node:internal/process/task_queues:105:5)
14/08/2026 09:42:49:     at async E:\projetos_hitss\geo-pme-notas\routes\inspecao.js:681:27 {
14/08/2026 09:42:49:   length: 120,
14/08/2026 09:42:49:   severity: 'ERROR',
14/08/2026 09:42:49:   code: '42703',
14/08/2026 09:42:49:   detail: undefined,
14/08/2026 09:42:49:   hint: undefined,
14/08/2026 09:42:49:   position: '692',
14/08/2026 09:42:49:   internalPosition: undefined,
14/08/2026 09:42:49:   internalQuery: undefined,
14/08/2026 09:42:49:   where: undefined,
14/08/2026 09:42:49:   schema: undefined,
14/08/2026 09:42:49:   table: undefined,
14/08/2026 09:42:49:   column: undefined,
14/08/2026 09:42:49:   dataType: undefined,
14/08/2026 09:42:49:   constraint: undefined,
14/08/2026 09:42:49:   file: 'parse_relation.c',
14/08/2026 09:42:49:   line: '3647',
14/08/2026 09:42:49:   routine: 'errorMissingColumn'
14/08/2026 09:42:49: }
14/08/2026 09:42:51: [INSPECAO_TOP] Erro: error: column "qtd_producao_futura" does not exist
14/08/2026 09:42:51:     at E:\projetos_hitss\geo-pme-notas\node_modules\pg-pool\index.js:45:11
14/08/2026 09:42:51:     at process.processTicksAndRejections (node:internal/process/task_queues:105:5)
14/08/2026 09:42:51:     at async E:\projetos_hitss\geo-pme-notas\routes\inspecao.js:681:27 {
14/08/2026 09:42:51:   length: 120,
14/08/2026 09:42:51:   severity: 'ERROR',
14/08/2026 09:42:51:   code: '42703',
14/08/2026 09:42:51:   detail: undefined,
14/08/2026 09:42:51:   hint: undefined,
14/08/2026 09:42:51:   position: '692',
14/08/2026 09:42:51:   internalPosition: undefined,
14/08/2026 09:42:51:   internalQuery: undefined,
14/08/2026 09:42:51:   where: undefined,
14/08/2026 09:42:51:   schema: undefined,
14/08/2026 09:42:51:   table: undefined,
14/08/2026 09:42:51:   column: undefined,
14/08/2026 09:42:51:   dataType: undefined,
14/08/2026 09:42:51:   constraint: undefined,
14/08/2026 09:42:51:   file: 'parse_relation.c',
14/08/2026 09:42:51:   line: '3647',
14/08/2026 09:42:51:   routine: 'errorMissingColumn'
14/08/2026 09:42:51: }
14/08/2026 09:42:55: [INSPECAO_TOP] Erro: error: column "qtd_producao_futura" does not exist
14/08/2026 09:42:55:     at E:\projetos_hitss\geo-pme-notas\node_modules\pg-pool\index.js:45:11
14/08/2026 09:42:55:     at process.processTicksAndRejections (node:internal/process/task_queues:105:5)
14/08/2026 09:42:55:     at async E:\projetos_hitss\geo-pme-notas\routes\inspecao.js:681:27 {
14/08/2026 09:42:55:   length: 120,
14/08/2026 09:42:55:   severity: 'ERROR',
14/08/2026 09:42:55:   code: '42703',
14/08/2026 09:42:55:   detail: undefined,
14/08/2026 09:42:55:   hint: undefined,
14/08/2026 09:42:55:   position: '692',
14/08/2026 09:42:55:   internalPosition: undefined,
14/08/2026 09:42:55:   internalQuery: undefined,
14/08/2026 09:42:55:   where: undefined,
14/08/2026 09:42:55:   schema: undefined,
14/08/2026 09:42:55:   table: undefined,
14/08/2026 09:42:55:   column: undefined,
14/08/2026 09:42:55:   dataType: undefined,
14/08/2026 09:42:55:   constraint: undefined,
14/08/2026 09:42:55:   file: 'parse_relation.c',
14/08/2026 09:42:55:   line: '3647',
14/08/2026 09:42:55:   routine: 'errorMissingColumn'
14/08/2026 09:42:55: }
14/08/2026 09:43:04: [INSPECAO_TOP] Erro: error: column "qtd_producao_futura" does not exist
14/08/2026 09:43:04:     at E:\projetos_hitss\geo-pme-notas\node_modules\pg-pool\index.js:45:11
14/08/2026 09:43:04:     at process.processTicksAndRejections (node:internal/process/task_queues:105:5)
14/08/2026 09:43:04:     at async E:\projetos_hitss\geo-pme-notas\routes\inspecao.js:681:27 {
14/08/2026 09:43:04:   length: 120,
14/08/2026 09:43:04:   severity: 'ERROR',
14/08/2026 09:43:04:   code: '42703',
14/08/2026 09:43:04:   detail: undefined,
14/08/2026 09:43:04:   hint: undefined,
14/08/2026 09:43:04:   position: '692',
14/08/2026 09:43:04:   internalPosition: undefined,
14/08/2026 09:43:04:   internalQuery: undefined,
14/08/2026 09:43:04:   where: undefined,
14/08/2026 09:43:04:   schema: undefined,
14/08/2026 09:43:04:   table: undefined,
14/08/2026 09:43:04:   column: undefined,
14/08/2026 09:43:04:   dataType: undefined,
14/08/2026 09:43:04:   constraint: undefined,
14/08/2026 09:43:04:   file: 'parse_relation.c',
14/08/2026 09:43:04:   line: '3647',
14/08/2026 09:43:04:   routine: 'errorMissingColumn'
14/08/2026 09:43:04: }
14/08/2026 09:44:30: [INSPECAO_TOP] Erro: error: column "qtd_producao_futura" does not exist
14/08/2026 09:44:30:     at E:\projetos_hitss\geo-pme-notas\node_modules\pg-pool\index.js:45:11
14/08/2026 09:44:30:     at process.processTicksAndRejections (node:internal/process/task_queues:105:5)
14/08/2026 09:44:30:     at async E:\projetos_hitss\geo-pme-notas\routes\inspecao.js:681:27 {
14/08/2026 09:44:30:   length: 120,
14/08/2026 09:44:30:   severity: 'ERROR',
14/08/2026 09:44:30:   code: '42703',
14/08/2026 09:44:30:   detail: undefined,
14/08/2026 09:44:30:   hint: undefined,
14/08/2026 09:44:30:   position: '692',
14/08/2026 09:44:30:   internalPosition: undefined,
14/08/2026 09:44:30:   internalQuery: undefined,
14/08/2026 09:44:30:   where: undefined,
14/08/2026 09:44:30:   schema: undefined,
14/08/2026 09:44:30:   table: undefined,
14/08/2026 09:44:30:   column: undefined,
14/08/2026 09:44:30:   dataType: undefined,
14/08/2026 09:44:30:   constraint: undefined,
14/08/2026 09:44:30:   file: 'parse_relation.c',
14/08/2026 09:44:30:   line: '3647',
14/08/2026 09:44:30:   routine: 'errorMissingColumn'
14/08/2026 09:44:30: }
14/08/2026 09:45:07: [INSPECAO_TOP] Erro: error: column "qtd_producao_futura" does not exist
14/08/2026 09:45:07:     at E:\projetos_hitss\geo-pme-notas\node_modules\pg-pool\index.js:45:11
14/08/2026 09:45:07:     at process.processTicksAndRejections (node:internal/process/task_queues:105:5)
14/08/2026 09:45:07:     at async E:\projetos_hitss\geo-pme-notas\routes\inspecao.js:681:27 {
14/08/2026 09:45:07:   length: 120,
14/08/2026 09:45:07:   severity: 'ERROR',
14/08/2026 09:45:07:   code: '42703',
14/08/2026 09:45:07:   detail: undefined,
14/08/2026 09:45:07:   hint: undefined,
14/08/2026 09:45:07:   position: '692',
14/08/2026 09:45:07:   internalPosition: undefined,
14/08/2026 09:45:07:   internalQuery: undefined,
14/08/2026 09:45:07:   where: undefined,
14/08/2026 09:45:07:   schema: undefined,
14/08/2026 09:45:07:   table: undefined,
14/08/2026 09:45:07:   column: undefined,
14/08/2026 09:45:07:   dataType: undefined,
14/08/2026 09:45:07:   constraint: undefined,
14/08/2026 09:45:07:   file: 'parse_relation.c',
14/08/2026 09:45:07:   line: '3647',
14/08/2026 09:45:07:   routine: 'errorMissingColumn'
14/08/2026 09:45:07: }
14/08/2026 09:47:18: [INSPECAO_TOP] Erro: error: column "qtd_producao_futura" does not exist
14/08/2026 09:47:18:     at E:\projetos_hitss\geo-pme-notas\node_modules\pg-pool\index.js:45:11
14/08/2026 09:47:18:     at process.processTicksAndRejections (node:internal/process/task_queues:105:5)
14/08/2026 09:47:18:     at async E:\projetos_hitss\geo-pme-notas\routes\inspecao.js:681:27 {
14/08/2026 09:47:18:   length: 120,
14/08/2026 09:47:18:   severity: 'ERROR',
14/08/2026 09:47:18:   code: '42703',
14/08/2026 09:47:18:   detail: undefined,
14/08/2026 09:47:18:   hint: undefined,
14/08/2026 09:47:18:   position: '692',
14/08/2026 09:47:18:   internalPosition: undefined,
14/08/2026 09:47:18:   internalQuery: undefined,
14/08/2026 09:47:18:   where: undefined,
14/08/2026 09:47:18:   schema: undefined,
14/08/2026 09:47:18:   table: undefined,
14/08/2026 09:47:18:   column: undefined,
14/08/2026 09:47:18:   dataType: undefined,
14/08/2026 09:47:18:   constraint: undefined,
14/08/2026 09:47:18:   file: 'parse_relation.c',
14/08/2026 09:47:18:   line: '3647',
14/08/2026 09:47:18:   routine: 'errorMissingColumn'
14/08/2026 09:47:18: }
14/08/2026 09:53:38: [INSPECAO_TOP] Erro: error: column "qtd_producao_futura" does not exist
14/08/2026 09:53:38:     at E:\projetos_hitss\geo-pme-notas\node_modules\pg-pool\index.js:45:11
14/08/2026 09:53:38:     at process.processTicksAndRejections (node:internal/process/task_queues:105:5)
14/08/2026 09:53:38:     at async E:\projetos_hitss\geo-pme-notas\routes\inspecao.js:681:27 {
14/08/2026 09:53:38:   length: 120,
14/08/2026 09:53:38:   severity: 'ERROR',
14/08/2026 09:53:38:   code: '42703',
14/08/2026 09:53:38:   detail: undefined,
14/08/2026 09:53:38:   hint: undefined,
14/08/2026 09:53:38:   position: '692',
14/08/2026 09:53:38:   internalPosition: undefined,
14/08/2026 09:53:38:   internalQuery: undefined,
14/08/2026 09:53:38:   where: undefined,
14/08/2026 09:53:38:   schema: undefined,
14/08/2026 09:53:38:   table: undefined,
14/08/2026 09:53:38:   column: undefined,
14/08/2026 09:53:38:   dataType: undefined,
14/08/2026 09:53:38:   constraint: undefined,
14/08/2026 09:53:38:   file: 'parse_relation.c',
14/08/2026 09:53:38:   line: '3647',
14/08/2026 09:53:38:   routine: 'errorMissingColumn'
14/08/2026 09:53:38: }
14/08/2026 10:06:10: [DASHBOARD_INPUT_NET STATS] Erro: column hc.data_historico does not exist
14/08/2026 10:06:18: [DASHBOARD_INPUT_TOP STATS] Erro: column hc.data_historico does not exist
14/08/2026 10:06:21: [DASHBOARD_INPUT_TOP STATS] Erro: column hc.data_historico does not exist
14/08/2026 10:06:32: [DASHBOARD_INPUT_TOP STATS] Erro: column hc.data_historico does not exist
14/08/2026 10:36:23: [DASHBOARD_INPUT_TOP STATS] Erro: column hc.data_historico does not exist
14/08/2026 10:49:20: [DASHBOARD_INPUT_TOP STATS] Erro: column hc.data_historico does not exist
14/08/2026 11:39:56: [DASHBOARD_INPUT_TOP STATS] Erro: column hc.data_historico does not exist
14/08/2026 11:39:59: [DASHBOARD_INPUT_TOP STATS] Erro: column hc.data_historico does not exist
14/08/2026 11:40:09: [DASHBOARD_INPUT_TOP STATS] Erro: column hc.data_historico does not exist
14/08/2026 11:45:33: [DASHBOARD_INPUT_TOP STATS] Erro: column hc.data_historico does not exist
14/08/2026 12:14:03: [DASHBOARD_INPUT_TOP STATS] Erro: column hc.data_historico does not exist
14/08/2026 12:14:08: [DASHBOARD_INPUT_TOP STATS] Erro: column hc.data_historico does not exist
14/08/2026 12:14:09: [DASHBOARD_INPUT_TOP STATS] Erro: column hc.data_historico does not exist
14/08/2026 12:15:20: [DASHBOARD_INPUT_TOP STATS] Erro: column hc.data_historico does not exist
14/08/2026 12:15:32: [DASHBOARD_INPUT_NET STATS] Erro: column hc.data_historico does not exist
14/08/2026 12:16:20: [DASHBOARD_INPUT_TOP STATS] Erro: column hc.data_historico does not exist
14/08/2026 13:54:46: [DASHBOARD_INPUT_TOP STATS] Erro: column hc.data_historico does not exist
14/08/2026 14:42:52: [DASHBOARD_INPUT_TOP STATS] Erro: column hc.data_historico does not exist
14/08/2026 14:42:56: [DASHBOARD_INPUT_NET STATS] Erro: column hc.data_historico does not exist
